2026-09-25 18:27:39,413 - INFO - *********************************************************************************************************
2026-09-25 18:27:39,413 - INFO - Script to generate QGis (.gpkg) files from Therion (.shp) files with auto-correction if possible
2026-09-25 18:27:39,413 - INFO -         original written by X. Robert, ISTerre : October 2022
2026-09-25 18:27:39,413 - INFO -         updated by : alexandre.pont@yahoo.fr
2026-09-25 18:27:39,413 - INFO -         version : 2026.08.31
2026-09-25 18:27:39,413 - INFO -         commande line mode
2026-09-25 18:27:39,414 - INFO -         input folder :  ~/Synthese-PSM_LARRA/Outputs/SHP
2026-09-25 18:27:39,414 - INFO -         output folder : ~/Outputs/SHP/QGis_GPKG_Files
2026-09-25 18:27:39,414 - INFO -         log file      : ~/SHP/QGis_GPKG_Files/pyThtoQgis.log
2026-09-25 18:27:39,414 - INFO - *********************************************************************************************************
2026-09-25 18:27:39,415 - INFO - Step 1: test files and convert to GPKG format in the folder: ~/Outputs/SHP/QGis_GPKG_Files
2026-09-25 18:27:39,415 - INFO - Working with file (1/7): points2d.shp
2026-09-25 18:27:39,415 - INFO - ==================== BILAN FILE: ~/Outputs/SHP/points2d.shp ===================================
2026-09-25 18:27:41,817 - INFO - Géométries invalides : 0 sur  16155
2026-09-25 18:27:41,821 - INFO - =========================================================================================================
2026-09-25 18:27:41,823 - INFO - SHP file conversion : points2d.shp with 16155 objets
2026-09-25 18:27:44,523 - INFO - Conversion GPKG terminée fichier : points2d, 16155 objets convertis
2026-09-25 18:27:44,523 - INFO - Working with file (2/7): lines2d.shp
2026-09-25 18:27:44,523 - INFO - ==================== BILAN FILE: ~/Outputs/SHP/lines2d.shp ===================================
2026-09-25 18:27:47,340 - WARNING - Géométries invalides : 992 sur  34514
2026-09-25 18:27:47,340 - WARNING - 		Too few points : 992
2026-09-25 18:27:47,344 - INFO - =========================================================================================================
2026-09-25 18:27:47,346 - INFO - SHP file conversion : lines2d.shp with 34514 objets
2026-09-25 18:27:51,211 - INFO - Conversion GPKG terminée fichier : lines2d_fixed, 34514 objets convertis
2026-09-25 18:27:51,211 - INFO - ==================== BILAN FILE: ~/SHP/QGis_GPKG_Files/lines2d_fixed.gpkg ===================================
2026-09-25 18:27:51,213 - WARNING - Erreur lecture feature FID 0 : GetFeature() retourne None
2026-09-25 18:27:54,769 - INFO - Géométries invalides : 0 sur  34513
2026-09-25 18:27:54,773 - INFO - =========================================================================================================
2026-09-25 18:27:54,774 - INFO - Working with file (3/7): outline2d.shp
2026-09-25 18:27:54,774 - INFO - ==================== BILAN FILE: ~/Outputs/SHP/outline2d.shp ===================================
2026-09-25 18:27:54,895 - WARNING - Géométries invalides : 305 sur  464
2026-09-25 18:27:54,895 - WARNING - 		Unknown (1) : 305
2026-09-25 18:27:54,895 - INFO - =========================================================================================================
2026-09-25 18:27:54,896 - INFO - SHP file conversion : outline2d.shp with 464 objets
2026-09-25 18:27:55,060 - INFO - Conversion GPKG terminée fichier : outline2d, 464 objets convertis
2026-09-25 18:27:55,060 - INFO - ==================== BILAN FILE: ~/SHP/QGis_GPKG_Files/outline2d.gpkg ===================================
2026-09-25 18:27:55,062 - WARNING - Erreur lecture feature FID 0 : GetFeature() retourne None
2026-09-25 18:27:55,154 - INFO - Géométries invalides : 0 sur  463
2026-09-25 18:27:55,155 - INFO - =========================================================================================================
2026-09-25 18:27:55,155 - INFO - Working with file (4/7): areas2d.shp
2026-09-25 18:27:55,156 - INFO - ==================== BILAN FILE: ~/Outputs/SHP/areas2d.shp ===================================
2026-09-25 18:27:55,209 - INFO - Géométries invalides : 0 sur  490
2026-09-25 18:27:55,210 - INFO - =========================================================================================================
2026-09-25 18:27:55,210 - INFO - SHP file conversion : areas2d.shp with 490 objets
2026-09-25 18:27:55,293 - INFO - Conversion GPKG terminée fichier : areas2d_fixed, 490 objets convertis
2026-09-25 18:27:55,293 - INFO - Working with file (5/7): walls3d.shp
2026-09-25 18:27:55,294 - INFO - ==================== BILAN FILE: ~/Outputs/SHP/walls3d.shp ===================================
2026-09-25 18:27:57,775 - WARNING - Géométries invalides : 471 sur  471
2026-09-25 18:27:57,775 - WARNING - 		Not supported : 471
2026-09-25 18:27:57,775 - INFO - =========================================================================================================
2026-09-25 18:27:57,776 - INFO - SHP file conversion : walls3d.shp with 471 objets
2026-09-25 18:28:04,267 - INFO - Conversion GPKG terminée fichier : walls3d, 471 objets convertis
2026-09-25 18:28:04,267 - INFO - ==================== BILAN FILE: ~/SHP/QGis_GPKG_Files/walls3d.gpkg ===================================
2026-09-25 18:28:04,269 - WARNING - Erreur lecture feature FID 0 : GetFeature() retourne None
2026-09-25 18:28:04,536 - INFO - Géométries invalides : 0 sur  470
2026-09-25 18:28:04,537 - INFO - =========================================================================================================
2026-09-25 18:28:04,537 - INFO - Working with file (6/7): stations3d.shp
2026-09-25 18:28:04,538 - INFO - ==================== BILAN FILE: ~/Outputs/SHP/stations3d.shp ===================================
2026-09-25 18:28:11,759 - INFO - Géométries invalides : 0 sur  67579
2026-09-25 18:28:11,770 - INFO - =========================================================================================================
2026-09-25 18:28:11,773 - INFO - SHP file conversion : stations3d.shp with 67579 objets
2026-09-25 18:28:20,188 - INFO - Conversion GPKG terminée fichier : stations3d, 67579 objets convertis
2026-09-25 18:28:20,188 - INFO - Working with file (7/7): shots3d.shp
2026-09-25 18:28:20,189 - INFO - ==================== BILAN FILE: ~/Outputs/SHP/shots3d.shp ===================================
2026-09-25 18:28:26,574 - WARNING - Géométries invalides : 4327 sur  66048
2026-09-25 18:28:26,574 - WARNING - 		Too few points : 4327
2026-09-25 18:28:26,581 - INFO - =========================================================================================================
2026-09-25 18:28:26,584 - INFO - SHP file conversion : shots3d.shp with 66048 objets
2026-09-25 18:28:34,956 - INFO - Conversion GPKG terminée fichier : shots3d, 66048 objets convertis
2026-09-25 18:28:34,956 - INFO - ==================== BILAN FILE: ~/SHP/QGis_GPKG_Files/shots3d.gpkg ===================================
2026-09-25 18:28:34,958 - WARNING - Erreur lecture feature FID 0 : GetFeature() retourne None
2026-09-25 18:28:42,276 - INFO - Géométries invalides : 0 sur  66047
2026-09-25 18:28:42,284 - INFO - =========================================================================================================
2026-09-25 18:28:42,286 - INFO - Step 2: adapte drawing files (cut it) for QGis in the folder: ~/Outputs/SHP/QGis_GPKG_Files
2026-09-25 18:28:42,287 - INFO - Clipping file : ~/SHP/QGis_GPKG_Files/lines2d_fixed.gpkg to file : ~/SHP/QGis_GPKG_Files/lines2dMasked.gpkg
on 100: 2026-09-25 18:28:42,391 - WARNING - Any intersection issue, attributes: _SCRAP_ID=3024, _TYPE=rock-edge, _SCRAP=BB26_meandre_entree, _CLIP=on, _TAGS=6144, _SUBTYPE=None, _SCALE=4, _TEXT=None
on 4224: 2026-09-25 18:28:43,735 - WARNING - Any intersection issue, attributes: _SCRAP_ID=4226, _TYPE=fault, _SCRAP=SP-Explo_01_2013_10_09_02, _CLIP=on, _TAGS=6144, _SUBTYPE=None, _SCALE=4, _TEXT=None
on 4225: 2026-09-25 18:28:43,736 - WARNING - Any intersection issue, attributes: _SCRAP_ID=4226, _TYPE=fault, _SCRAP=SP-Explo_01_2013_10_09_02, _CLIP=on, _TAGS=6144, _SUBTYPE=None, _SCALE=4, _TEXT=None
on 8037: 2026-09-25 18:28:45,205 - WARNING - Any intersection issue, attributes: _SCRAP_ID=33199, _TYPE=rock-border, _SCRAP=SP-AP7_Aval_02, _CLIP=on, _TAGS=6144, _SUBTYPE=None, _SCALE=4, _TEXT=None
on 8451: 2026-09-25 18:28:45,385 - WARNING - Any intersection issue, attributes: _SCRAP_ID=33046, _TYPE=contour, _SCRAP=SP-AP7_Aval_01, _CLIP=on, _TAGS=6144, _SUBTYPE=None, _SCALE=4, _TEXT=None
on 10037: 2026-09-25 18:28:45,999 - WARNING - Any intersection issue, attributes: _SCRAP_ID=38882, _TYPE=pit, _SCRAP=SP-B3_Aval_02E, _CLIP=on, _TAGS=6144, _SUBTYPE=None, _SCALE=4, _TEXT=None
on 12615: 2026-09-25 18:28:46,955 - WARNING - Any intersection issue, attributes: _SCRAP_ID=41256, _TYPE=rock-border, _SCRAP=SP-GL102_Aval_01B, _CLIP=on, _TAGS=6144, _SUBTYPE=None, _SCALE=4, _TEXT=None
on 21527: 2026-09-25 18:28:50,265 - WARNING - Any intersection issue, attributes: _SCRAP_ID=58879, _TYPE=border, _SCRAP=SP-Explo_12_1982_08_05_01, _CLIP=on, _TAGS=6144, _SUBTYPE=invisible, _SCALE=4, _TEXT=None
2026-09-25 18:28:55,075 - INFO - ==================== BILAN FILE: ~/SHP/QGis_GPKG_Files/lines2dMasked.gpkg ===================================
2026-09-25 18:28:55,077 - WARNING - Erreur lecture feature FID 0 : GetFeature() retourne None
2026-09-25 18:28:58,443 - INFO - Géométries invalides : 0 sur  34505
2026-09-25 18:28:58,447 - INFO - =========================================================================================================
2026-09-25 18:28:58,448 - WARNING - 9 deleted geometries need to be verified in lines2dMasked.gpkg file
2026-09-25 18:28:58,455 - INFO - Clipping file : ~/SHP/QGis_GPKG_Files/areas2d_fixed.gpkg to file : ~/SHP/QGis_GPKG_Files/areas2dMasked.gpkg
2026-09-25 18:28:58,940 - INFO - ==================== BILAN FILE: ~/SHP/QGis_GPKG_Files/areas2dMasked.gpkg ===================================
2026-09-25 18:28:58,942 - WARNING - Erreur lecture feature FID 0 : GetFeature() retourne None
2026-09-25 18:28:59,006 - INFO - Géométries invalides : 0 sur  489
2026-09-25 18:28:59,006 - INFO - =========================================================================================================
2026-09-25 18:28:59,007 - WARNING - 1 Deleted geometries need to be verified in areas2d_fixed.gpkg file
2026-09-25 18:28:59,008 - INFO - =========================================================================================================
2026-09-25 18:28:59,008 - INFO - Execution completed without errors in 79.60 s
2026-09-25 18:28:59,008 - INFO - =========================================================================================================
2026-09-25 18:40:18,662 - INFO - *********************************************************************************************************
2026-09-25 18:40:18,662 - INFO - Script to generate QGis (.gpkg) files from Therion (.shp) files with auto-correction if possible
2026-09-25 18:40:18,662 - INFO -         original written by X. Robert, ISTerre : October 2022
2026-09-25 18:40:18,662 - INFO -         updated by : alexandre.pont@yahoo.fr
2026-09-25 18:40:18,662 - INFO -         version : 2026.08.31
2026-09-25 18:40:18,662 - INFO -         commande line mode
2026-09-25 18:40:18,662 - INFO -         input folder :  ~/Synthese-PSM_LARRA/Outputs/SHP
2026-09-25 18:40:18,662 - INFO -         output folder : ~/Outputs/SHP/QGis_GPKG_Files
2026-09-25 18:40:18,662 - INFO -         log file      : ~/SHP/QGis_GPKG_Files/pyThtoQgis.log
2026-09-25 18:40:18,662 - INFO - *********************************************************************************************************
2026-09-25 18:40:18,662 - INFO - Step 1: test files and convert to GPKG format in the folder: ~/Outputs/SHP/QGis_GPKG_Files
2026-09-25 18:40:18,663 - INFO - Working with file (1/7): points2d.shp
2026-09-25 18:40:18,663 - INFO - ==================== BILAN FILE: ~/Outputs/SHP/points2d.shp ===================================
2026-09-25 18:40:19,887 - INFO - Géométries invalides : 0 sur  16155
2026-09-25 18:40:19,890 - INFO - =========================================================================================================
2026-09-25 18:40:19,891 - INFO - SHP file conversion : points2d.shp with 16155 objets
2026-09-25 18:40:21,110 - INFO - Conversion GPKG terminée fichier : points2d, 16155 objets convertis
2026-09-25 18:40:21,110 - INFO - Working with file (2/7): lines2d.shp
2026-09-25 18:40:21,110 - INFO - ==================== BILAN FILE: ~/Outputs/SHP/lines2d.shp ===================================
2026-09-25 18:40:22,451 - WARNING - Géométries invalides : 992 sur  34514
2026-09-25 18:40:22,451 - WARNING - 		Too few points : 992
2026-09-25 18:40:22,453 - INFO - =========================================================================================================
2026-09-25 18:40:22,454 - INFO - SHP file conversion : lines2d.shp with 34514 objets
2026-09-25 18:40:24,019 - INFO - Conversion GPKG terminée fichier : lines2d_fixed, 34514 objets convertis
2026-09-25 18:40:24,019 - INFO - ==================== BILAN FILE: ~/SHP/QGis_GPKG_Files/lines2d_fixed.gpkg ===================================
2026-09-25 18:40:24,020 - WARNING - Erreur lecture feature FID 0 : GetFeature() retourne None
2026-09-25 18:40:25,590 - INFO - Géométries invalides : 0 sur  34513
2026-09-25 18:40:25,591 - INFO - =========================================================================================================
2026-09-25 18:40:25,592 - INFO - Working with file (3/7): outline2d.shp
2026-09-25 18:40:25,592 - INFO - ==================== BILAN FILE: ~/Outputs/SHP/outline2d.shp ===================================
2026-09-25 18:40:25,649 - WARNING - Géométries invalides : 305 sur  464
2026-09-25 18:40:25,649 - WARNING - 		Unknown (1) : 305
2026-09-25 18:40:25,649 - INFO - =========================================================================================================
2026-09-25 18:40:25,649 - INFO - SHP file conversion : outline2d.shp with 464 objets
2026-09-25 18:40:25,729 - INFO - Conversion GPKG terminée fichier : outline2d, 464 objets convertis
2026-09-25 18:40:25,729 - INFO - ==================== BILAN FILE: ~/SHP/QGis_GPKG_Files/outline2d.gpkg ===================================
2026-09-25 18:40:25,730 - WARNING - Erreur lecture feature FID 0 : GetFeature() retourne None
2026-09-25 18:40:25,775 - INFO - Géométries invalides : 0 sur  463
2026-09-25 18:40:25,775 - INFO - =========================================================================================================
2026-09-25 18:40:25,775 - INFO - Working with file (4/7): areas2d.shp
2026-09-25 18:40:25,776 - INFO - ==================== BILAN FILE: ~/Outputs/SHP/areas2d.shp ===================================
2026-09-25 18:40:25,801 - INFO - Géométries invalides : 0 sur  490
2026-09-25 18:40:25,801 - INFO - =========================================================================================================
2026-09-25 18:40:25,801 - INFO - SHP file conversion : areas2d.shp with 490 objets
2026-09-25 18:40:25,836 - INFO - Conversion GPKG terminée fichier : areas2d_fixed, 490 objets convertis
2026-09-25 18:40:25,836 - INFO - Working with file (5/7): walls3d.shp
2026-09-25 18:40:25,836 - INFO - ==================== BILAN FILE: ~/Outputs/SHP/walls3d.shp ===================================
2026-09-25 18:40:27,782 - WARNING - Géométries invalides : 471 sur  471
2026-09-25 18:40:27,782 - WARNING - 		Not supported : 471
2026-09-25 18:40:27,783 - INFO - =========================================================================================================
2026-09-25 18:40:27,783 - INFO - SHP file conversion : walls3d.shp with 471 objets
2026-09-25 18:40:32,531 - INFO - Conversion GPKG terminée fichier : walls3d, 471 objets convertis
2026-09-25 18:40:32,532 - INFO - ==================== BILAN FILE: ~/SHP/QGis_GPKG_Files/walls3d.gpkg ===================================
2026-09-25 18:40:32,533 - WARNING - Erreur lecture feature FID 0 : GetFeature() retourne None
2026-09-25 18:40:32,673 - INFO - Géométries invalides : 0 sur  470
2026-09-25 18:40:32,673 - INFO - =========================================================================================================
2026-09-25 18:40:32,673 - INFO - Working with file (6/7): stations3d.shp
2026-09-25 18:40:32,673 - INFO - ==================== BILAN FILE: ~/Outputs/SHP/stations3d.shp ===================================
2026-09-25 18:40:36,314 - INFO - Géométries invalides : 0 sur  67579
2026-09-25 18:40:36,322 - INFO - =========================================================================================================
2026-09-25 18:40:36,324 - INFO - SHP file conversion : stations3d.shp with 67579 objets
2026-09-25 18:40:39,985 - INFO - Conversion GPKG terminée fichier : stations3d, 67579 objets convertis
2026-09-25 18:40:39,985 - INFO - Working with file (7/7): shots3d.shp
2026-09-25 18:40:39,985 - INFO - ==================== BILAN FILE: ~/Outputs/SHP/shots3d.shp ===================================
2026-09-25 18:40:43,035 - WARNING - Géométries invalides : 4327 sur  66048
2026-09-25 18:40:43,035 - WARNING - 		Too few points : 4327
2026-09-25 18:40:43,040 - INFO - =========================================================================================================
2026-09-25 18:40:43,041 - INFO - SHP file conversion : shots3d.shp with 66048 objets
2026-09-25 18:40:46,503 - INFO - Conversion GPKG terminée fichier : shots3d, 66048 objets convertis
2026-09-25 18:40:46,504 - INFO - ==================== BILAN FILE: ~/SHP/QGis_GPKG_Files/shots3d.gpkg ===================================
2026-09-25 18:40:46,505 - WARNING - Erreur lecture feature FID 0 : GetFeature() retourne None
2026-09-25 18:40:49,955 - INFO - Géométries invalides : 0 sur  66047
2026-09-25 18:40:49,959 - INFO - =========================================================================================================
2026-09-25 18:40:49,961 - INFO - Step 2: adapte drawing files (cut it) for QGis in the folder: ~/Outputs/SHP/QGis_GPKG_Files
2026-09-25 18:40:49,962 - INFO - Clipping file : ~/SHP/QGis_GPKG_Files/lines2d_fixed.gpkg to file : ~/SHP/QGis_GPKG_Files/lines2dMasked.gpkg
on 100: 2026-09-25 18:40:50,016 - WARNING - Any intersection issue, attributes: _SCRAP_ID=3024, _TYPE=rock-edge, _SCRAP=BB26_meandre_entree, _CLIP=on, _TAGS=6144, _SUBTYPE=None, _SCALE=4, _TEXT=None
on 4224: 2026-09-25 18:40:50,662 - WARNING - Any intersection issue, attributes: _SCRAP_ID=4226, _TYPE=fault, _SCRAP=SP-Explo_01_2013_10_09_02, _CLIP=on, _TAGS=6144, _SUBTYPE=None, _SCALE=4, _TEXT=None
on 4225: 2026-09-25 18:40:50,662 - WARNING - Any intersection issue, attributes: _SCRAP_ID=4226, _TYPE=fault, _SCRAP=SP-Explo_01_2013_10_09_02, _CLIP=on, _TAGS=6144, _SUBTYPE=None, _SCALE=4, _TEXT=None
on 8037: 2026-09-25 18:40:51,382 - WARNING - Any intersection issue, attributes: _SCRAP_ID=33199, _TYPE=rock-border, _SCRAP=SP-AP7_Aval_02, _CLIP=on, _TAGS=6144, _SUBTYPE=None, _SCALE=4, _TEXT=None
on 8451: 2026-09-25 18:40:51,472 - WARNING - Any intersection issue, attributes: _SCRAP_ID=33046, _TYPE=contour, _SCRAP=SP-AP7_Aval_01, _CLIP=on, _TAGS=6144, _SUBTYPE=None, _SCALE=4, _TEXT=None
on 10037: 2026-09-25 18:40:51,778 - WARNING - Any intersection issue, attributes: _SCRAP_ID=38882, _TYPE=pit, _SCRAP=SP-B3_Aval_02E, _CLIP=on, _TAGS=6144, _SUBTYPE=None, _SCALE=4, _TEXT=None
on 12615: 2026-09-25 18:40:52,227 - WARNING - Any intersection issue, attributes: _SCRAP_ID=41256, _TYPE=rock-border, _SCRAP=SP-GL102_Aval_01B, _CLIP=on, _TAGS=6144, _SUBTYPE=None, _SCALE=4, _TEXT=None
on 21527: 2026-09-25 18:40:53,846 - WARNING - Any intersection issue, attributes: _SCRAP_ID=58879, _TYPE=border, _SCRAP=SP-Explo_12_1982_08_05_01, _CLIP=on, _TAGS=6144, _SUBTYPE=invisible, _SCALE=4, _TEXT=None
2026-09-25 18:40:56,237 - INFO - ==================== BILAN FILE: ~/SHP/QGis_GPKG_Files/lines2dMasked.gpkg ===================================
2026-09-25 18:40:56,239 - WARNING - Erreur lecture feature FID 0 : GetFeature() retourne None
2026-09-25 18:40:57,811 - INFO - Géométries invalides : 0 sur  34505
2026-09-25 18:40:57,813 - INFO - =========================================================================================================
2026-09-25 18:40:57,814 - WARNING - 9 deleted geometries need to be verified in lines2dMasked.gpkg file
2026-09-25 18:40:57,819 - INFO - Clipping file : ~/SHP/QGis_GPKG_Files/areas2d_fixed.gpkg to file : ~/SHP/QGis_GPKG_Files/areas2dMasked.gpkg
2026-09-25 18:40:58,088 - INFO - ==================== BILAN FILE: ~/SHP/QGis_GPKG_Files/areas2dMasked.gpkg ===================================
2026-09-25 18:40:58,089 - WARNING - Erreur lecture feature FID 0 : GetFeature() retourne None
2026-09-25 18:40:58,118 - INFO - Géométries invalides : 0 sur  489
2026-09-25 18:40:58,119 - INFO - =========================================================================================================
2026-09-25 18:40:58,119 - WARNING - 1 Deleted geometries need to be verified in areas2d_fixed.gpkg file
2026-09-25 18:40:58,120 - INFO - =========================================================================================================
2026-09-25 18:40:58,120 - INFO - Execution completed without errors in 39.46 s
2026-09-25 18:40:58,120 - INFO - =========================================================================================================
2026-09-25 20:44:02,653 - INFO - *********************************************************************************************************
2026-09-25 20:44:02,653 - INFO - Script to generate QGis (.gpkg) files from Therion (.shp) files with auto-correction if possible
2026-09-25 20:44:02,653 - INFO -         original written by X. Robert, ISTerre : October 2022
2026-09-25 20:44:02,653 - INFO -         updated by : alexandre.pont@yahoo.fr
2026-09-25 20:44:02,653 - INFO -         version : 2026.08.31
2026-09-25 20:44:02,653 - INFO -         commande line mode
2026-09-25 20:44:02,654 - INFO -         input folder :  ~/Synthese-PSM_LARRA/Outputs/SHP
2026-09-25 20:44:02,654 - INFO -         output folder : ~/Outputs/SHP/QGis_GPKG_Files
2026-09-25 20:44:02,654 - INFO -         log file      : ~/SHP/QGis_GPKG_Files/pyThtoQgis.log
2026-09-25 20:44:02,654 - INFO - *********************************************************************************************************
2026-09-25 20:44:02,654 - INFO - Step 1: test files and convert to GPKG format in the folder: ~/Outputs/SHP/QGis_GPKG_Files
2026-09-25 20:44:02,654 - INFO - Working with file (1/7): points2d.shp
2026-09-25 20:44:02,655 - INFO - ==================== BILAN FILE: ~/Outputs/SHP/points2d.shp ===================================
2026-09-25 20:44:04,846 - INFO - Géométries invalides : 0 sur  16155
2026-09-25 20:44:04,850 - INFO - =========================================================================================================
2026-09-25 20:44:04,852 - INFO - SHP file conversion : points2d.shp with 16155 objets
2026-09-25 20:44:07,124 - INFO - Conversion GPKG terminée fichier : points2d, 16155 objets convertis
2026-09-25 20:44:07,124 - INFO - Working with file (2/7): lines2d.shp
2026-09-25 20:44:07,125 - INFO - ==================== BILAN FILE: ~/Outputs/SHP/lines2d.shp ===================================
2026-09-25 20:44:09,615 - WARNING - Géométries invalides : 992 sur  34514
2026-09-25 20:44:09,615 - WARNING - 		Too few points : 992
2026-09-25 20:44:09,619 - INFO - =========================================================================================================
2026-09-25 20:44:09,620 - INFO - SHP file conversion : lines2d.shp with 34514 objets
2026-09-25 20:44:12,711 - INFO - Conversion GPKG terminée fichier : lines2d_fixed, 34514 objets convertis
2026-09-25 20:44:12,711 - INFO - ==================== BILAN FILE: ~/SHP/QGis_GPKG_Files/lines2d_fixed.gpkg ===================================
2026-09-25 20:44:12,713 - WARNING - Erreur lecture feature FID 0 : GetFeature() retourne None
2026-09-25 20:44:15,631 - INFO - Géométries invalides : 0 sur  34513
2026-09-25 20:44:15,636 - INFO - =========================================================================================================
2026-09-25 20:44:15,637 - INFO - Working with file (3/7): outline2d.shp
2026-09-25 20:44:15,637 - INFO - ==================== BILAN FILE: ~/Outputs/SHP/outline2d.shp ===================================
2026-09-25 20:44:15,747 - WARNING - Géométries invalides : 305 sur  464
2026-09-25 20:44:15,747 - WARNING - 		Unknown (1) : 305
2026-09-25 20:44:15,748 - INFO - =========================================================================================================
2026-09-25 20:44:15,748 - INFO - SHP file conversion : outline2d.shp with 464 objets
2026-09-25 20:44:15,903 - INFO - Conversion GPKG terminée fichier : outline2d, 464 objets convertis
2026-09-25 20:44:15,904 - INFO - ==================== BILAN FILE: ~/SHP/QGis_GPKG_Files/outline2d.gpkg ===================================
2026-09-25 20:44:15,906 - WARNING - Erreur lecture feature FID 0 : GetFeature() retourne None
2026-09-25 20:44:15,991 - INFO - Géométries invalides : 0 sur  463
2026-09-25 20:44:15,991 - INFO - =========================================================================================================
2026-09-25 20:44:15,992 - INFO - Working with file (4/7): areas2d.shp
2026-09-25 20:44:15,992 - INFO - ==================== BILAN FILE: ~/Outputs/SHP/areas2d.shp ===================================
2026-09-25 20:44:16,039 - INFO - Géométries invalides : 0 sur  490
2026-09-25 20:44:16,039 - INFO - =========================================================================================================
2026-09-25 20:44:16,040 - INFO - SHP file conversion : areas2d.shp with 490 objets
2026-09-25 20:44:16,109 - INFO - Conversion GPKG terminée fichier : areas2d_fixed, 490 objets convertis
2026-09-25 20:44:16,109 - INFO - Working with file (5/7): walls3d.shp
2026-09-25 20:44:16,109 - INFO - ==================== BILAN FILE: ~/Outputs/SHP/walls3d.shp ===================================
2026-09-25 20:44:18,748 - WARNING - Géométries invalides : 471 sur  471
2026-09-25 20:44:18,748 - WARNING - 		Not supported : 471
2026-09-25 20:44:18,749 - INFO - =========================================================================================================
2026-09-25 20:44:18,749 - INFO - SHP file conversion : walls3d.shp with 471 objets
2026-09-25 20:44:25,545 - INFO - Conversion GPKG terminée fichier : walls3d, 471 objets convertis
2026-09-25 20:44:25,546 - INFO - ==================== BILAN FILE: ~/SHP/QGis_GPKG_Files/walls3d.gpkg ===================================
2026-09-25 20:44:25,548 - WARNING - Erreur lecture feature FID 0 : GetFeature() retourne None
2026-09-25 20:44:25,792 - INFO - Géométries invalides : 0 sur  470
2026-09-25 20:44:25,792 - INFO - =========================================================================================================
2026-09-25 20:44:25,793 - INFO - Working with file (6/7): stations3d.shp
2026-09-25 20:44:25,793 - INFO - ==================== BILAN FILE: ~/Outputs/SHP/stations3d.shp ===================================
2026-09-25 20:44:32,366 - INFO - Géométries invalides : 0 sur  67579
2026-09-25 20:44:32,378 - INFO - =========================================================================================================
2026-09-25 20:44:32,382 - INFO - SHP file conversion : stations3d.shp with 67579 objets
2026-09-25 20:44:39,331 - INFO - Conversion GPKG terminée fichier : stations3d, 67579 objets convertis
2026-09-25 20:44:39,331 - INFO - Working with file (7/7): shots3d.shp
2026-09-25 20:44:39,332 - INFO - ==================== BILAN FILE: ~/Outputs/SHP/shots3d.shp ===================================
2026-09-25 20:44:44,954 - WARNING - Géométries invalides : 4327 sur  66048
2026-09-25 20:44:44,954 - WARNING - 		Too few points : 4327
2026-09-25 20:44:44,962 - INFO - =========================================================================================================
2026-09-25 20:44:44,965 - INFO - SHP file conversion : shots3d.shp with 66048 objets
2026-09-25 20:44:51,764 - INFO - Conversion GPKG terminée fichier : shots3d, 66048 objets convertis
2026-09-25 20:44:51,764 - INFO - ==================== BILAN FILE: ~/SHP/QGis_GPKG_Files/shots3d.gpkg ===================================
2026-09-25 20:44:51,766 - WARNING - Erreur lecture feature FID 0 : GetFeature() retourne None
2026-09-25 20:44:58,168 - INFO - Géométries invalides : 0 sur  66047
2026-09-25 20:44:58,175 - INFO - =========================================================================================================
2026-09-25 20:44:58,178 - INFO - Step 2: adapte drawing files (cut it) for QGis in the folder: ~/Outputs/SHP/QGis_GPKG_Files
2026-09-25 20:44:58,178 - INFO - Clipping file : ~/SHP/QGis_GPKG_Files/lines2d_fixed.gpkg to file : ~/SHP/QGis_GPKG_Files/lines2dMasked.gpkg
on 100: 2026-09-25 20:44:58,278 - WARNING - Any intersection issue, attributes: _SCRAP_ID=3025, _TYPE=rock-edge, _SCRAP=BB26_meandre_entree, _CLIP=on, _TAGS=6144, _SUBTYPE=None, _SCALE=4, _TEXT=None
on 4224: 2026-09-25 20:44:59,566 - WARNING - Any intersection issue, attributes: _SCRAP_ID=4227, _TYPE=fault, _SCRAP=SP-Explo_01_2013_10_09_02, _CLIP=on, _TAGS=6144, _SUBTYPE=None, _SCALE=4, _TEXT=None
on 4225: 2026-09-25 20:44:59,566 - WARNING - Any intersection issue, attributes: _SCRAP_ID=4227, _TYPE=fault, _SCRAP=SP-Explo_01_2013_10_09_02, _CLIP=on, _TAGS=6144, _SUBTYPE=None, _SCALE=4, _TEXT=None
on 8037: 2026-09-25 20:45:00,972 - WARNING - Any intersection issue, attributes: _SCRAP_ID=33200, _TYPE=rock-border, _SCRAP=SP-AP7_Aval_02, _CLIP=on, _TAGS=6144, _SUBTYPE=None, _SCALE=4, _TEXT=None
on 8451: 2026-09-25 20:45:01,147 - WARNING - Any intersection issue, attributes: _SCRAP_ID=33047, _TYPE=contour, _SCRAP=SP-AP7_Aval_01, _CLIP=on, _TAGS=6144, _SUBTYPE=None, _SCALE=4, _TEXT=None
on 10037: 2026-09-25 20:45:01,741 - WARNING - Any intersection issue, attributes: _SCRAP_ID=38883, _TYPE=pit, _SCRAP=SP-B3_Aval_02E, _CLIP=on, _TAGS=6144, _SUBTYPE=None, _SCALE=4, _TEXT=None
on 12615: 2026-09-25 20:45:02,619 - WARNING - Any intersection issue, attributes: _SCRAP_ID=41257, _TYPE=rock-border, _SCRAP=SP-GL102_Aval_01B, _CLIP=on, _TAGS=6144, _SUBTYPE=None, _SCALE=4, _TEXT=None
on 21527: 2026-09-25 20:45:05,803 - WARNING - Any intersection issue, attributes: _SCRAP_ID=58880, _TYPE=border, _SCRAP=SP-Explo_12_1982_08_05_01, _CLIP=on, _TAGS=6144, _SUBTYPE=invisible, _SCALE=4, _TEXT=None
2026-09-25 20:45:10,421 - INFO - ==================== BILAN FILE: ~/SHP/QGis_GPKG_Files/lines2dMasked.gpkg ===================================
2026-09-25 20:45:10,423 - WARNING - Erreur lecture feature FID 0 : GetFeature() retourne None
2026-09-25 20:45:13,318 - INFO - Géométries invalides : 0 sur  34505
2026-09-25 20:45:13,321 - INFO - =========================================================================================================
2026-09-25 20:45:13,323 - WARNING - 9 deleted geometries need to be verified in lines2dMasked.gpkg file
2026-09-25 20:45:13,330 - INFO - Clipping file : ~/SHP/QGis_GPKG_Files/areas2d_fixed.gpkg to file : ~/SHP/QGis_GPKG_Files/areas2dMasked.gpkg
2026-09-25 20:45:13,811 - INFO - ==================== BILAN FILE: ~/SHP/QGis_GPKG_Files/areas2dMasked.gpkg ===================================
2026-09-25 20:45:13,813 - WARNING - Erreur lecture feature FID 0 : GetFeature() retourne None
2026-09-25 20:45:13,868 - INFO - Géométries invalides : 0 sur  489
2026-09-25 20:45:13,868 - INFO - =========================================================================================================
2026-09-25 20:45:13,869 - WARNING - 1 Deleted geometries need to be verified in areas2d_fixed.gpkg file
2026-09-25 20:45:13,870 - INFO - =========================================================================================================
2026-09-25 20:45:13,870 - INFO - Execution completed without errors in 71.22 s
2026-09-25 20:45:13,870 - INFO - =========================================================================================================
